can           img 0.5198  pix 0.7049  AU-PRO@5% 0.07103  @30% 0.36007  regs    (66/66 act)  91s
fabric        img 0.5926  pix 0.6197  AU-PRO@5% 0.11190  @30% 0.40236  regs  (120/120 act)  90s
fruit_jelly   img 0.9408  pix 0.9325  AU-PRO@5% 0.47125  @30% 0.70577  regs  (216/216 act)  58s
rice          img 0.5426  pix 0.8156  AU-PRO@5% 0.22863  @30% 0.43019  regs  (114/114 act)  73s
sheet_metal   img 0.8856  pix 0.9140  AU-PRO@5% 0.26166  @30% 0.51616  regs  (444/444 act)  37s
vial          img 0.9426  pix 0.9196  AU-PRO@5% 0.72586  @30% 0.90543  regs  (168/168 act)  66s
wallplugs     img 0.5122  pix 0.8929  AU-PRO@5% 0.27465  @30% 0.48615  regs    (90/90 act)  71s
walnuts       img 0.8137  pix 0.9576  AU-PRO@5% 0.47041  @30% 0.70900  regs  (312/312 act)  100s

mean image AUROC 0.7187   pixel AUROC 0.8446   AU-PRO@5% 0.3269   AU-PRO@30% 0.5644   active 1530/1530

======================================================================
Size Bucket        Count    % of Regs    Mean AU-PRO@5%  
----------------------------------------------------------------------
sub_cell           756      49.4       % 0.2091          
1_to_4x            354      23.1       % 0.4359          
4_to_16x           173      11.3       % 0.5573          
ge_16x             247      16.1       % 0.5943          
----------------------------------------------------------------------
>= 4 cells combined 420      27.5       % 0.5790          
======================================================================

wrote /workspace/outputs/runs/E10a-proj384-448.json (peak RSS: 3520.2 MB)
