Warning: You are sending unauthenticated requests to the HF Hub. Please set a HF_TOKEN to enable higher rate limits and faster downloads.
can           img 0.5140  pix 0.7348  AU-PRO@5% 0.13847  @30% 0.34336  regs    (66/66 act)  114s
fabric        img 0.6079  pix 0.6176  AU-PRO@5% 0.18883  @30% 0.46195  regs  (120/120 act)  125s
fruit_jelly   img 0.9283  pix 0.9460  AU-PRO@5% 0.47584  @30% 0.71284  regs  (216/216 act)  71s
rice          img 0.6376  pix 0.8101  AU-PRO@5% 0.22634  @30% 0.40765  regs  (114/114 act)  98s
sheet_metal   img 0.7912  pix 0.9166  AU-PRO@5% 0.25292  @30% 0.51346  regs  (444/444 act)  48s
vial          img 0.9551  pix 0.9152  AU-PRO@5% 0.71908  @30% 0.91287  regs  (168/168 act)  79s
wallplugs     img 0.5409  pix 0.9090  AU-PRO@5% 0.27623  @30% 0.48670  regs    (90/90 act)  86s
walnuts       img 0.8133  pix 0.9518  AU-PRO@5% 0.47770  @30% 0.74963  regs  (312/312 act)  132s

mean image AUROC 0.7236   pixel AUROC 0.8501   AU-PRO@5% 0.3444   AU-PRO@30% 0.5736   active 1530/1530

======================================================================
Size Bucket        Count    % of Regs    Mean AU-PRO@5%  
----------------------------------------------------------------------
sub_cell           756      49.4       % 0.2265          
1_to_4x            354      23.1       % 0.4280          
4_to_16x           173      11.3       % 0.5498          
ge_16x             247      16.1       % 0.6056          
----------------------------------------------------------------------
>= 4 cells combined 420      27.5       % 0.5826          
======================================================================

wrote outputs/runs/E4b-aspect-448-driver580.json (peak RSS: 9954.4 MB)
