Warning: You are sending unauthenticated requests to the HF Hub. Please set a HF_TOKEN to enable higher rate limits and faster downloads.
can           img 0.5355  pix 0.7485  AU-PRO@5% 0.16767  @30% 0.37167  regs    (66/66 act)  115s
fabric        img 0.7039  pix 0.6591  AU-PRO@5% 0.20422  @30% 0.55099  regs  (120/120 act)  130s
fruit_jelly   img 0.9383  pix 0.9451  AU-PRO@5% 0.49963  @30% 0.71327  regs  (216/216 act)  74s
rice          img 0.7148  pix 0.8060  AU-PRO@5% 0.25145  @30% 0.44905  regs  (114/114 act)  103s
sheet_metal   img 0.8176  pix 0.8906  AU-PRO@5% 0.27546  @30% 0.53302  regs  (444/444 act)  51s
vial          img 0.9720  pix 0.9226  AU-PRO@5% 0.73619  @30% 0.92294  regs  (168/168 act)  83s
wallplugs     img 0.5802  pix 0.9271  AU-PRO@5% 0.33461  @30% 0.52860  regs    (90/90 act)  91s
walnuts       img 0.8078  pix 0.9520  AU-PRO@5% 0.48440  @30% 0.76504  regs  (312/312 act)  138s

mean image AUROC 0.7588   pixel AUROC 0.8564   AU-PRO@5% 0.3692   AU-PRO@30% 0.6043   active 1530/1530

======================================================================
Size Bucket        Count    % of Regs    Mean AU-PRO@5%  
----------------------------------------------------------------------
sub_cell           756      49.4       % 0.2422          
1_to_4x            354      23.1       % 0.4622          
4_to_16x           173      11.3       % 0.5799          
ge_16x             247      16.1       % 0.6167          
----------------------------------------------------------------------
>= 4 cells combined 420      27.5       % 0.6015          
======================================================================

wrote outputs/runs/E5b-dilated-layer3.json (peak RSS: 9905.6 MB)
