I0904 17:22:01.311739 15406 pinned_memory_manager.cc:277] "Pinned memory pool is created at '0x784e9c000000' with size 268435456"
I0904 17:22:01.311884 15406 cuda_memory_manager.cc:107] "CUDA memory pool is created on device 0 with size 67108864"
I0904 17:22:01.333766 15406 model_lifecycle.cc:473] "loading: patchcore:1"
I0904 17:22:07.696233 15406 python_be.cc:2289] "TRITONBACKEND_ModelInstanceInitialize: patchcore_0_0 (GPU device 0)"
[PatchCore Triton] Initialized successfully on cuda:0: Backbone=wide_resnet50_2, BankShape=torch.Size([1000, 1536]), Threshold=62.1675, EvalSide=224
I0904 17:22:13.158588 15406 model_lifecycle.cc:849] "successfully loaded 'patchcore'"
I0904 17:22:13.158824 15406 server.cc:620] 
+------------------+------+
| Repository Agent | Path |
+------------------+------+
+------------------+------+

I0904 17:22:13.158886 15406 server.cc:647] 
+---------+-------------------------------------------------------+---------------------------------------------------------------------------------------------------------------------------------------------------------------+
| Backend | Path                                                  | Config                                                                                                                                                        |
+---------+-------------------------------------------------------+---------------------------------------------------------------------------------------------------------------------------------------------------------------+
| python  | /opt/tritonserver/backends/python/libtriton_python.so | {"cmdline":{"auto-complete-config":"true","backend-directory":"/opt/tritonserver/backends","min-compute-capability":"6.000000","default-max-batch-size":"4"}} |
+---------+-------------------------------------------------------+---------------------------------------------------------------------------------------------------------------------------------------------------------------+

I0904 17:22:13.158960 15406 server.cc:690] 
+-----------+---------+--------+
| Model     | Version | Status |
+-----------+---------+--------+
| patchcore | 1       | READY  |
+-----------+---------+--------+

I0904 17:22:13.195203 15406 metrics.cc:889] "Collecting metrics for GPU 0: NVIDIA RTX 4000 Ada Generation"
I0904 17:22:13.198721 15406 metrics.cc:782] "Collecting CPU metrics"
I0904 17:22:13.198888 15406 tritonserver.cc:2598] 
+----------------------------------+-----------------------------------------------------------------------------------------------------------------------------------------------------------------------------------------------------------------+
| Option                           | Value                                                                                                                                                                                                           |
+----------------------------------+-----------------------------------------------------------------------------------------------------------------------------------------------------------------------------------------------------------------+
| server_id                        | triton                                                                                                                                                                                                          |
| server_version                   | 2.65.0                                                                                                                                                                                                          |
| server_extensions                | classification sequence model_repository model_repository(unload_dependents) schedule_policy model_configuration system_shared_memory cuda_shared_memory binary_tensor_data parameters statistics trace logging |
| model_repository_path[0]         | /workspace/deployment/triton_models                                                                                                                                                                             |
| model_control_mode               | MODE_EXPLICIT                                                                                                                                                                                                   |
| startup_models_0                 | patchcore                                                                                                                                                                                                       |
| strict_model_config              | 0                                                                                                                                                                                                               |
| model_config_name                |                                                                                                                                                                                                                 |
| rate_limit                       | OFF                                                                                                                                                                                                             |
| pinned_memory_pool_byte_size     | 268435456                                                                                                                                                                                                       |
| cuda_memory_pool_byte_size{0}    | 67108864                                                                                                                                                                                                        |
| min_supported_compute_capability | 6.0                                                                                                                                                                                                             |
| strict_readiness                 | 1                                                                                                                                                                                                               |
| exit_timeout                     | 30                                                                                                                                                                                                              |
| cache_enabled                    | 0                                                                                                                                                                                                               |
+----------------------------------+-----------------------------------------------------------------------------------------------------------------------------------------------------------------------------------------------------------------+

I0904 17:22:13.203299 15406 grpc_server.cc:2562] "Started GRPCInferenceService at 0.0.0.0:8001"
I0904 17:22:13.203556 15406 http_server.cc:4816] "Started HTTPService at 0.0.0.0:8000"
I0904 17:22:13.265884 15406 http_server.cc:358] "Started Metrics Service at 0.0.0.0:8002"
