Warning: You are sending unauthenticated requests to the HF Hub. Please set a HF_TOKEN to enable higher rate limits and faster downloads.
can           img 0.5056  pix 0.7796  AU-PRO@5% 0.20733  @30% 0.40942  regs    (66/66 act)  709s
fabric        img 0.6423  pix 0.6117  AU-PRO@5% 0.26100  @30% 0.63290  regs  (120/120 act)  675s
fruit_jelly   img 0.8275  pix 0.9369  AU-PRO@5% 0.53341  @30% 0.78383  regs  (216/216 act)  446s
rice          img 0.5807  pix 0.8528  AU-PRO@5% 0.28435  @30% 0.46671  regs  (114/114 act)  547s
sheet_metal   img 0.8324  pix 0.8027  AU-PRO@5% 0.36743  @30% 0.66889  regs  (444/444 act)  248s
vial          img 0.8416  pix 0.9120  AU-PRO@5% 0.77983  @30% 0.92642  regs  (168/168 act)  523s
wallplugs     img 0.6590  pix 0.9138  AU-PRO@5% 0.38754  @30% 0.61689  regs    (90/90 act)  513s
walnuts       img 0.7609  pix 0.9564  AU-PRO@5% 0.57041  @30% 0.81473  regs  (312/312 act)  752s

mean image AUROC 0.7062   pixel AUROC 0.8457   AU-PRO@5% 0.4239   AU-PRO@30% 0.6650   active 1530/1530

======================================================================
Size Bucket        Count    % of Regs    Mean AU-PRO@5%  
----------------------------------------------------------------------
sub_cell           756      49.4       % 0.3144          
1_to_4x            354      23.1       % 0.5700          
4_to_16x           173      11.3       % 0.6216          
ge_16x             247      16.1       % 0.6179          
----------------------------------------------------------------------
>= 4 cells combined 420      27.5       % 0.6194          
======================================================================

wrote /workspace/outputs/runs/E5-inputres-768.json (peak RSS: 7623.5 MB)
